
> react-example@0.0.0 dev
> tsx server.ts

TradingEngine constructor called
Backup created: /app/backups/trading.db.2026-03-18T18-17-40-850Z
Deleted old backup: trading.db.2026-03-18T18-07-37-835Z
CoinGecko news failed, trying CryptoCompare fallback
Seeding database with mock data...
[ExchangeConnector] Constructor called for coinmarketcap
[ExchangeConnector] Starting live updates
[ExchangeConnector] Setting active symbol to BTC/USDT
Trading engine started and reset
[ShadowTrader] Resetting ultra_conservative to 100000
[ShadowTrader] Resetting conservative to 100000
[ShadowTrader] Resetting moderate to 100000
[ShadowTrader] Resetting aggressive to 100000
[ShadowTrader] Resetting degen to 100000
[ShadowTrader] Resetting ai_enhanced to 100000
[ExchangeConnector] Fetching price for BTC (symbol: BTC/USDT)
Server running on http://localhost:3000
[ExchangeConnector] API response for BTC: {"id":1,"name":"Bitcoin","symbol":"BTC","slug":"bitcoin","num_market_pairs":12584,"date_added":"2010-07-13T00:00:00.000Z","tags":["mineable","pow","sha-256","store-of-value","state-channel","coinbase-ventures-portfolio","three-arrows-capital-portfolio","polychain-capital-portfolio","binance-labs-portfolio","blockchain-capital-portfolio","boostvc-portfolio","cms-holdings-portfolio","dcg-portfolio","dragonfly-capital-portfolio","electric-capital-portfolio","fabric-ventures-portfolio","framework-ventures-portfolio","galaxy-digital-portfolio","huobi-capital-portfolio","alameda-research-portfolio","a16z-portfolio","1confirmation-portfolio","winklevoss-capital-portfolio","usv-portfolio","placeholder-ventures-portfolio","pantera-capital-portfolio","multicoin-capital-portfolio","paradigm-portfolio","bitcoin-ecosystem","layer-1","ftx-bankruptcy-estate","2017-2018-alt-season","us-strategic-crypto-reserve","binance-ecosystem","binance-listing","sec-cftc-token-taxonomy","sec-cftc-digital-commodities"],"max_supply":21000000,"circulating_supply":20003043,"total_supply":20003043,"is_active":1,"infinite_supply":false,"minted_market_cap":1434561550658.72,"platform":null,"cmc_rank":1,"is_fiat":0,"self_reported_circulating_supply":null,"self_reported_market_cap":null,"tvl_ratio":null,"last_updated":"2026-03-18T18:16:00.000Z","quote":{"USD":{"price":71717.16576616475,"volume_24h":44021715462.66456,"cex_volume_24h":43965003283.92139,"dex_volume_24h":56712178.7431766,"volume_change_24h":-17.2082,"percent_change_1h":0.58153073,"percent_change_24h":-3.84582561,"percent_change_7d":1.32335538,"percent_change_30d":5.35093933,"percent_change_60d":-24.82652019,"percent_change_90d":-17.26100613,"market_cap":1434561550658.7214,"market_cap_dominance":58.3198,"fully_diluted_market_cap":1506060481089.46,"tvl":null,"last_updated":"2026-03-18T18:16:00.000Z"}}}
[BalanceManager] getBalances: botBalance=0
News items is not an array: {}
[BalanceManager] getBalances: botBalance=0
[BalanceManager] getBalances: botBalance=0
[BalanceManager] getBalances: botBalance=0
[BalanceManager] getBalances: botBalance=0
[ExchangeConnector] Interval triggered for BTC/USDT
[ExchangeConnector] Fetching price for BTC (symbol: BTC/USDT)
[ExchangeConnector] API response for BTC: {"id":1,"name":"Bitcoin","symbol":"BTC","slug":"bitcoin","num_market_pairs":12584,"date_added":"2010-07-13T00:00:00.000Z","tags":["mineable","pow","sha-256","store-of-value","state-channel","coinbase-ventures-portfolio","three-arrows-capital-portfolio","polychain-capital-portfolio","binance-labs-portfolio","blockchain-capital-portfolio","boostvc-portfolio","cms-holdings-portfolio","dcg-portfolio","dragonfly-capital-portfolio","electric-capital-portfolio","fabric-ventures-portfolio","framework-ventures-portfolio","galaxy-digital-portfolio","huobi-capital-portfolio","alameda-research-portfolio","a16z-portfolio","1confirmation-portfolio","winklevoss-capital-portfolio","usv-portfolio","placeholder-ventures-portfolio","pantera-capital-portfolio","multicoin-capital-portfolio","paradigm-portfolio","bitcoin-ecosystem","layer-1","ftx-bankruptcy-estate","2017-2018-alt-season","us-strategic-crypto-reserve","binance-ecosystem","binance-listing","sec-cftc-token-taxonomy","sec-cftc-digital-commodities"],"max_supply":21000000,"circulating_supply":20003043,"total_supply":20003043,"is_active":1,"infinite_supply":false,"minted_market_cap":1434561550658.72,"platform":null,"cmc_rank":1,"is_fiat":0,"self_reported_circulating_supply":null,"self_reported_market_cap":null,"tvl_ratio":null,"last_updated":"2026-03-18T18:16:00.000Z","quote":{"USD":{"price":71717.16576616475,"volume_24h":44021715462.66456,"cex_volume_24h":43965003283.92139,"dex_volume_24h":56712178.7431766,"volume_change_24h":-17.2082,"percent_change_1h":0.58153073,"percent_change_24h":-3.84582561,"percent_change_7d":1.32335538,"percent_change_30d":5.35093933,"percent_change_60d":-24.82652019,"percent_change_90d":-17.26100613,"market_cap":1434561550658.7214,"market_cap_dominance":58.3198,"fully_diluted_market_cap":1506060481089.46,"tvl":null,"last_updated":"2026-03-18T18:16:00.000Z"}}}
[BalanceManager] getBalances: botBalance=0
[BalanceManager] getBalances: botBalance=0
[BalanceManager] getBalances: botBalance=0
Database seeded.
[BalanceManager] getBalances: botBalance=0
[ExchangeConnector] Interval triggered for BTC/USDT
[ExchangeConnector] Fetching price for BTC (symbol: BTC/USDT)
[ExchangeConnector] API response for BTC: {"id":1,"name":"Bitcoin","symbol":"BTC","slug":"bitcoin","num_market_pairs":12584,"date_added":"2010-07-13T00:00:00.000Z","tags":["mineable","pow","sha-256","store-of-value","state-channel","coinbase-ventures-portfolio","three-arrows-capital-portfolio","polychain-capital-portfolio","binance-labs-portfolio","blockchain-capital-portfolio","boostvc-portfolio","cms-holdings-portfolio","dcg-portfolio","dragonfly-capital-portfolio","electric-capital-portfolio","fabric-ventures-portfolio","framework-ventures-portfolio","galaxy-digital-portfolio","huobi-capital-portfolio","alameda-research-portfolio","a16z-portfolio","1confirmation-portfolio","winklevoss-capital-portfolio","usv-portfolio","placeholder-ventures-portfolio","pantera-capital-portfolio","multicoin-capital-portfolio","paradigm-portfolio","bitcoin-ecosystem","layer-1","ftx-bankruptcy-estate","2017-2018-alt-season","us-strategic-crypto-reserve","binance-ecosystem","binance-listing","sec-cftc-token-taxonomy","sec-cftc-digital-commodities"],"max_supply":21000000,"circulating_supply":20003043,"total_supply":20003043,"is_active":1,"infinite_supply":false,"minted_market_cap":1434561550658.72,"platform":null,"cmc_rank":1,"is_fiat":0,"self_reported_circulating_supply":null,"self_reported_market_cap":null,"tvl_ratio":null,"last_updated":"2026-03-18T18:16:00.000Z","quote":{"USD":{"price":71717.16576616475,"volume_24h":44021715462.66456,"cex_volume_24h":43965003283.92139,"dex_volume_24h":56712178.7431766,"volume_change_24h":-17.2082,"percent_change_1h":0.58153073,"percent_change_24h":-3.84582561,"percent_change_7d":1.32335538,"percent_change_30d":5.35093933,"percent_change_60d":-24.82652019,"percent_change_90d":-17.26100613,"market_cap":1434561550658.7214,"market_cap_dominance":58.3198,"fully_diluted_market_cap":1506060481089.46,"tvl":null,"last_updated":"2026-03-18T18:16:00.000Z"}}}
[BalanceManager] getBalances: botBalance=0
[BalanceManager] getBalances: botBalance=0
[BalanceManager] getBalances: botBalance=0
Request: GET /api/status
API route hit: /status
apiRouter hit: /status
Request: GET /api/balances
API route hit: /balances
apiRouter hit: /balances
[BalanceManager] getBalances: botBalance=0
[BalanceManager] getBalances: botBalance=0
[BalanceManager] getBalances: botBalance=0
[ExchangeConnector] Interval triggered for BTC/USDT
[ExchangeConnector] Fetching price for BTC (symbol: BTC/USDT)
[ExchangeConnector] API response for BTC: {"id":1,"name":"Bitcoin","symbol":"BTC","slug":"bitcoin","num_market_pairs":12584,"date_added":"2010-07-13T00:00:00.000Z","tags":["mineable","pow","sha-256","store-of-value","state-channel","coinbase-ventures-portfolio","three-arrows-capital-portfolio","polychain-capital-portfolio","binance-labs-portfolio","blockchain-capital-portfolio","boostvc-portfolio","cms-holdings-portfolio","dcg-portfolio","dragonfly-capital-portfolio","electric-capital-portfolio","fabric-ventures-portfolio","framework-ventures-portfolio","galaxy-digital-portfolio","huobi-capital-portfolio","alameda-research-portfolio","a16z-portfolio","1confirmation-portfolio","winklevoss-capital-portfolio","usv-portfolio","placeholder-ventures-portfolio","pantera-capital-portfolio","multicoin-capital-portfolio","paradigm-portfolio","bitcoin-ecosystem","layer-1","ftx-bankruptcy-estate","2017-2018-alt-season","us-strategic-crypto-reserve","binance-ecosystem","binance-listing","sec-cftc-token-taxonomy","sec-cftc-digital-commodities"],"max_supply":21000000,"circulating_supply":20003043,"total_supply":20003043,"is_active":1,"infinite_supply":false,"minted_market_cap":1434561550658.72,"platform":null,"cmc_rank":1,"is_fiat":0,"self_reported_circulating_supply":null,"self_reported_market_cap":null,"tvl_ratio":null,"last_updated":"2026-03-18T18:16:00.000Z","quote":{"USD":{"price":71717.16576616475,"volume_24h":44021715462.66456,"cex_volume_24h":43965003283.92139,"dex_volume_24h":56712178.7431766,"volume_change_24h":-17.2082,"percent_change_1h":0.58153073,"percent_change_24h":-3.84582561,"percent_change_7d":1.32335538,"percent_change_30d":5.35093933,"percent_change_60d":-24.82652019,"percent_change_90d":-17.26100613,"market_cap":1434561550658.7214,"market_cap_dominance":58.3198,"fully_diluted_market_cap":1506060481089.46,"tvl":null,"last_updated":"2026-03-18T18:16:00.000Z"}}}
[BalanceManager] getBalances: botBalance=0
[BalanceManager] getBalances: botBalance=0
[BalanceManager] getBalances: botBalance=0
[BalanceManager] getBalances: botBalance=0
[BalanceManager] getBalances: botBalance=0
[ExchangeConnector] Interval triggered for BTC/USDT
[ExchangeConnector] Fetching price for BTC (symbol: BTC/USDT)
[ExchangeConnector] API response for BTC: {"id":1,"name":"Bitcoin","symbol":"BTC","slug":"bitcoin","num_market_pairs":12584,"date_added":"2010-07-13T00:00:00.000Z","tags":["mineable","pow","sha-256","store-of-value","state-channel","coinbase-ventures-portfolio","three-arrows-capital-portfolio","polychain-capital-portfolio","binance-labs-portfolio","blockchain-capital-portfolio","boostvc-portfolio","cms-holdings-portfolio","dcg-portfolio","dragonfly-capital-portfolio","electric-capital-portfolio","fabric-ventures-portfolio","framework-ventures-portfolio","galaxy-digital-portfolio","huobi-capital-portfolio","alameda-research-portfolio","a16z-portfolio","1confirmation-portfolio","winklevoss-capital-portfolio","usv-portfolio","placeholder-ventures-portfolio","pantera-capital-portfolio","multicoin-capital-portfolio","paradigm-portfolio","bitcoin-ecosystem","layer-1","ftx-bankruptcy-estate","2017-2018-alt-season","us-strategic-crypto-reserve","binance-ecosystem","binance-listing","sec-cftc-token-taxonomy","sec-cftc-digital-commodities"],"max_supply":21000000,"circulating_supply":20003043,"total_supply":20003043,"is_active":1,"infinite_supply":false,"minted_market_cap":1436250373312.67,"platform":null,"cmc_rank":1,"is_fiat":0,"self_reported_circulating_supply":null,"self_reported_market_cap":null,"tvl_ratio":null,"last_updated":"2026-03-18T18:17:00.000Z","quote":{"USD":{"price":71801.59405309841,"volume_24h":44020920507.817375,"cex_volume_24h":43964208789.82727,"dex_volume_24h":56711717.99010987,"volume_change_24h":-17.2113,"percent_change_1h":0.81712662,"percent_change_24h":-3.75825163,"percent_change_7d":1.57622045,"percent_change_30d":5.43941045,"percent_change_60d":-24.73997701,"percent_change_90d":-17.0611006,"market_cap":1436250373312.6716,"market_cap_dominance":58.3884,"fully_diluted_market_cap":1507833475115.07,"tvl":null,"last_updated":"2026-03-18T18:17:00.000Z"}}}
[BalanceManager] getBalances: botBalance=0
[BalanceManager] getBalances: botBalance=0
[BalanceManager] getBalances: botBalance=0
[BalanceManager] getBalances: botBalance=0
[BalanceManager] getBalances: botBalance=0
[ExchangeConnector] Interval triggered for BTC/USDT
[ExchangeConnector] Fetching price for BTC (symbol: BTC/USDT)
[ExchangeConnector] API response for BTC: {"id":1,"name":"Bitcoin","symbol":"BTC","slug":"bitcoin","num_market_pairs":12584,"date_added":"2010-07-13T00:00:00.000Z","tags":["mineable","pow","sha-256","store-of-value","state-channel","coinbase-ventures-portfolio","three-arrows-capital-portfolio","polychain-capital-portfolio","binance-labs-portfolio","blockchain-capital-portfolio","boostvc-portfolio","cms-holdings-portfolio","dcg-portfolio","dragonfly-capital-portfolio","electric-capital-portfolio","fabric-ventures-portfolio","framework-ventures-portfolio","galaxy-digital-portfolio","huobi-capital-portfolio","alameda-research-portfolio","a16z-portfolio","1confirmation-portfolio","winklevoss-capital-portfolio","usv-portfolio","placeholder-ventures-portfolio","pantera-capital-portfolio","multicoin-capital-portfolio","paradigm-portfolio","bitcoin-ecosystem","layer-1","ftx-bankruptcy-estate","2017-2018-alt-season","us-strategic-crypto-reserve","binance-ecosystem","binance-listing","sec-cftc-token-taxonomy","sec-cftc-digital-commodities"],"max_supply":21000000,"circulating_supply":20003043,"total_supply":20003043,"is_active":1,"infinite_supply":false,"minted_market_cap":1436250373312.67,"platform":null,"cmc_rank":1,"is_fiat":0,"self_reported_circulating_supply":null,"self_reported_market_cap":null,"tvl_ratio":null,"last_updated":"2026-03-18T18:17:00.000Z","quote":{"USD":{"price":71801.59405309841,"volume_24h":44020920507.817375,"cex_volume_24h":43964208789.82727,"dex_volume_24h":56711717.99010987,"volume_change_24h":-17.2113,"percent_change_1h":0.81712662,"percent_change_24h":-3.75825163,"percent_change_7d":1.57622045,"percent_change_30d":5.43941045,"percent_change_60d":-24.73997701,"percent_change_90d":-17.0611006,"market_cap":1436250373312.6716,"market_cap_dominance":58.3884,"fully_diluted_market_cap":1507833475115.07,"tvl":null,"last_updated":"2026-03-18T18:17:00.000Z"}}}
[BalanceManager] getBalances: botBalance=0
[BalanceManager] getBalances: botBalance=0
[BalanceManager] getBalances: botBalance=0
[BalanceManager] getBalances: botBalance=0
[BalanceManager] getBalances: botBalance=0
[ExchangeConnector] Interval triggered for BTC/USDT
[ExchangeConnector] Fetching price for BTC (symbol: BTC/USDT)
[ExchangeConnector] API response for BTC: {"id":1,"name":"Bitcoin","symbol":"BTC","slug":"bitcoin","num_market_pairs":12584,"date_added":"2010-07-13T00:00:00.000Z","tags":["mineable","pow","sha-256","store-of-value","state-channel","coinbase-ventures-portfolio","three-arrows-capital-portfolio","polychain-capital-portfolio","binance-labs-portfolio","blockchain-capital-portfolio","boostvc-portfolio","cms-holdings-portfolio","dcg-portfolio","dragonfly-capital-portfolio","electric-capital-portfolio","fabric-ventures-portfolio","framework-ventures-portfolio","galaxy-digital-portfolio","huobi-capital-portfolio","alameda-research-portfolio","a16z-portfolio","1confirmation-portfolio","winklevoss-capital-portfolio","usv-portfolio","placeholder-ventures-portfolio","pantera-capital-portfolio","multicoin-capital-portfolio","paradigm-portfolio","bitcoin-ecosystem","layer-1","ftx-bankruptcy-estate","2017-2018-alt-season","us-strategic-crypto-reserve","binance-ecosystem","binance-listing","sec-cftc-token-taxonomy","sec-cftc-digital-commodities"],"max_supply":21000000,"circulating_supply":20003043,"total_supply":20003043,"is_active":1,"infinite_supply":false,"minted_market_cap":1436250373312.67,"platform":null,"cmc_rank":1,"is_fiat":0,"self_reported_circulating_supply":null,"self_reported_market_cap":null,"tvl_ratio":null,"last_updated":"2026-03-18T18:17:00.000Z","quote":{"USD":{"price":71801.59405309841,"volume_24h":44020920507.817375,"cex_volume_24h":43964208789.82727,"dex_volume_24h":56711717.99010987,"volume_change_24h":-17.2113,"percent_change_1h":0.81712662,"percent_change_24h":-3.75825163,"percent_change_7d":1.57622045,"percent_change_30d":5.43941045,"percent_change_60d":-24.73997701,"percent_change_90d":-17.0611006,"market_cap":1436250373312.6716,"market_cap_dominance":58.3884,"fully_diluted_market_cap":1507833475115.07,"tvl":null,"last_updated":"2026-03-18T18:17:00.000Z"}}}
[BalanceManager] getBalances: botBalance=0
[BalanceManager] getBalances: botBalance=0
[BalanceManager] getBalances: botBalance=0
[BalanceManager] getBalances: botBalance=0
[BalanceManager] getBalances: botBalance=0
[ExchangeConnector] Interval triggered for BTC/USDT
[ExchangeConnector] Fetching price for BTC (symbol: BTC/USDT)
[ExchangeConnector] API response for BTC: {"id":1,"name":"Bitcoin","symbol":"BTC","slug":"bitcoin","num_market_pairs":12584,"date_added":"2010-07-13T00:00:00.000Z","tags":["mineable","pow","sha-256","store-of-value","state-channel","coinbase-ventures-portfolio","three-arrows-capital-portfolio","polychain-capital-portfolio","binance-labs-portfolio","blockchain-capital-portfolio","boostvc-portfolio","cms-holdings-portfolio","dcg-portfolio","dragonfly-capital-portfolio","electric-capital-portfolio","fabric-ventures-portfolio","framework-ventures-portfolio","galaxy-digital-portfolio","huobi-capital-portfolio","alameda-research-portfolio","a16z-portfolio","1confirmation-portfolio","winklevoss-capital-portfolio","usv-portfolio","placeholder-ventures-portfolio","pantera-capital-portfolio","multicoin-capital-portfolio","paradigm-portfolio","bitcoin-ecosystem","layer-1","ftx-bankruptcy-estate","2017-2018-alt-season","us-strategic-crypto-reserve","binance-ecosystem","binance-listing","sec-cftc-token-taxonomy","sec-cftc-digital-commodities"],"max_supply":21000000,"circulating_supply":20003043,"total_supply":20003043,"is_active":1,"infinite_supply":false,"minted_market_cap":1436250373312.67,"platform":null,"cmc_rank":1,"is_fiat":0,"self_reported_circulating_supply":null,"self_reported_market_cap":null,"tvl_ratio":null,"last_updated":"2026-03-18T18:17:00.000Z","quote":{"USD":{"price":71801.59405309841,"volume_24h":44020920507.817375,"cex_volume_24h":43964208789.82727,"dex_volume_24h":56711717.99010987,"volume_change_24h":-17.2113,"percent_change_1h":0.81712662,"percent_change_24h":-3.75825163,"percent_change_7d":1.57622045,"percent_change_30d":5.43941045,"percent_change_60d":-24.73997701,"percent_change_90d":-17.0611006,"market_cap":1436250373312.6716,"market_cap_dominance":58.3884,"fully_diluted_market_cap":1507833475115.07,"tvl":null,"last_updated":"2026-03-18T18:17:00.000Z"}}}
[BalanceManager] getBalances: botBalance=0
[BalanceManager] getBalances: botBalance=0
[BalanceManager] getBalances: botBalance=0
[BalanceManager] getBalances: botBalance=0
[BalanceManager] getBalances: botBalance=0
[ExchangeConnector] Interval triggered for BTC/USDT
[ExchangeConnector] Fetching price for BTC (symbol: BTC/USDT)
[ExchangeConnector] API response for BTC: {"id":1,"name":"Bitcoin","symbol":"BTC","slug":"bitcoin","num_market_pairs":12584,"date_added":"2010-07-13T00:00:00.000Z","tags":["mineable","pow","sha-256","store-of-value","state-channel","coinbase-ventures-portfolio","three-arrows-capital-portfolio","polychain-capital-portfolio","binance-labs-portfolio","blockchain-capital-portfolio","boostvc-portfolio","cms-holdings-portfolio","dcg-portfolio","dragonfly-capital-portfolio","electric-capital-portfolio","fabric-ventures-portfolio","framework-ventures-portfolio","galaxy-digital-portfolio","huobi-capital-portfolio","alameda-research-portfolio","a16z-portfolio","1confirmation-portfolio","winklevoss-capital-portfolio","usv-portfolio","placeholder-ventures-portfolio","pantera-capital-portfolio","multicoin-capital-portfolio","paradigm-portfolio","bitcoin-ecosystem","layer-1","ftx-bankruptcy-estate","2017-2018-alt-season","us-strategic-crypto-reserve","binance-ecosystem","binance-listing","sec-cftc-token-taxonomy","sec-cftc-digital-commodities"],"max_supply":21000000,"circulating_supply":20003043,"total_supply":20003043,"is_active":1,"infinite_supply":false,"minted_market_cap":1436250373312.67,"platform":null,"cmc_rank":1,"is_fiat":0,"self_reported_circulating_supply":null,"self_reported_market_cap":null,"tvl_ratio":null,"last_updated":"2026-03-18T18:17:00.000Z","quote":{"USD":{"price":71801.59405309841,"volume_24h":44020920507.817375,"cex_volume_24h":43964208789.82727,"dex_volume_24h":56711717.99010987,"volume_change_24h":-17.2113,"percent_change_1h":0.81712662,"percent_change_24h":-3.75825163,"percent_change_7d":1.57622045,"percent_change_30d":5.43941045,"percent_change_60d":-24.73997701,"percent_change_90d":-17.0611006,"market_cap":1436250373312.6716,"market_cap_dominance":58.3884,"fully_diluted_market_cap":1507833475115.07,"tvl":null,"last_updated":"2026-03-18T18:17:00.000Z"}}}
[BalanceManager] getBalances: botBalance=0
[BalanceManager] getBalances: botBalance=0
[BalanceManager] getBalances: botBalance=0
[BalanceManager] getBalances: botBalance=0
[BalanceManager] getBalances: botBalance=0
[ExchangeConnector] Interval triggered for BTC/USDT
[ExchangeConnector] Fetching price for BTC (symbol: BTC/USDT)
[ExchangeConnector] API response for BTC: {"id":1,"name":"Bitcoin","symbol":"BTC","slug":"bitcoin","num_market_pairs":12584,"date_added":"2010-07-13T00:00:00.000Z","tags":["mineable","pow","sha-256","store-of-value","state-channel","coinbase-ventures-portfolio","three-arrows-capital-portfolio","polychain-capital-portfolio","binance-labs-portfolio","blockchain-capital-portfolio","boostvc-portfolio","cms-holdings-portfolio","dcg-portfolio","dragonfly-capital-portfolio","electric-capital-portfolio","fabric-ventures-portfolio","framework-ventures-portfolio","galaxy-digital-portfolio","huobi-capital-portfolio","alameda-research-portfolio","a16z-portfolio","1confirmation-portfolio","winklevoss-capital-portfolio","usv-portfolio","placeholder-ventures-portfolio","pantera-capital-portfolio","multicoin-capital-portfolio","paradigm-portfolio","bitcoin-ecosystem","layer-1","ftx-bankruptcy-estate","2017-2018-alt-season","us-strategic-crypto-reserve","binance-ecosystem","binance-listing","sec-cftc-token-taxonomy","sec-cftc-digital-commodities"],"max_supply":21000000,"circulating_supply":20003043,"total_supply":20003043,"is_active":1,"infinite_supply":false,"minted_market_cap":1436250373312.67,"platform":null,"cmc_rank":1,"is_fiat":0,"self_reported_circulating_supply":null,"self_reported_market_cap":null,"tvl_ratio":null,"last_updated":"2026-03-18T18:17:00.000Z","quote":{"USD":{"price":71801.59405309841,"volume_24h":44020920507.817375,"cex_volume_24h":43964208789.82727,"dex_volume_24h":56711717.99010987,"volume_change_24h":-17.2113,"percent_change_1h":0.81712662,"percent_change_24h":-3.75825163,"percent_change_7d":1.57622045,"percent_change_30d":5.43941045,"percent_change_60d":-24.73997701,"percent_change_90d":-17.0611006,"market_cap":1436250373312.6716,"market_cap_dominance":58.3884,"fully_diluted_market_cap":1507833475115.07,"tvl":null,"last_updated":"2026-03-18T18:17:00.000Z"}}}
[BalanceManager] getBalances: botBalance=0
[BalanceManager] getBalances: botBalance=0
[BalanceManager] getBalances: botBalance=0
[ShadowTrader] Debug moderate: effectiveBalance=0, portfolio.balance=100000, botBalance=0, activeMode=moderate
Shadow Trader [moderate]: Halted - Max drawdown reached: 100.00% >= 15.00%. Effective Balance: 0, Initial: 100000
[BalanceManager] getBalances: botBalance=0
[BalanceManager] getBalances: botBalance=0
[BalanceManager] getBalances: botBalance=0
[BalanceManager] getBalances: botBalance=0
[BalanceManager] getBalances: botBalance=0
[BalanceManager] getBalances: botBalance=0
[BalanceManager] getBalances: botBalance=0
[BalanceManager] getBalances: botBalance=0
[ExchangeConnector] Interval triggered for BTC/USDT
[ExchangeConnector] Fetching price for BTC (symbol: BTC/USDT)
[ExchangeConnector] API response for BTC: {"id":1,"name":"Bitcoin","symbol":"BTC","slug":"bitcoin","num_market_pairs":12584,"date_added":"2010-07-13T00:00:00.000Z","tags":["mineable","pow","sha-256","store-of-value","state-channel","coinbase-ventures-portfolio","three-arrows-capital-portfolio","polychain-capital-portfolio","binance-labs-portfolio","blockchain-capital-portfolio","boostvc-portfolio","cms-holdings-portfolio","dcg-portfolio","dragonfly-capital-portfolio","electric-capital-portfolio","fabric-ventures-portfolio","framework-ventures-portfolio","galaxy-digital-portfolio","huobi-capital-portfolio","alameda-research-portfolio","a16z-portfolio","1confirmation-portfolio","winklevoss-capital-portfolio","usv-portfolio","placeholder-ventures-portfolio","pantera-capital-portfolio","multicoin-capital-portfolio","paradigm-portfolio","bitcoin-ecosystem","layer-1","ftx-bankruptcy-estate","2017-2018-alt-season","us-strategic-crypto-reserve","binance-ecosystem","binance-listing","sec-cftc-token-taxonomy","sec-cftc-digital-commodities"],"max_supply":21000000,"circulating_supply":20003043,"total_supply":20003043,"is_active":1,"infinite_supply":false,"minted_market_cap":1436250373312.67,"platform":null,"cmc_rank":1,"is_fiat":0,"self_reported_circulating_supply":null,"self_reported_market_cap":null,"tvl_ratio":null,"last_updated":"2026-03-18T18:17:00.000Z","quote":{"USD":{"price":71801.59405309841,"volume_24h":44020920507.817375,"cex_volume_24h":43964208789.82727,"dex_volume_24h":56711717.99010987,"volume_change_24h":-17.2113,"percent_change_1h":0.81712662,"percent_change_24h":-3.75825163,"percent_change_7d":1.57622045,"percent_change_30d":5.43941045,"percent_change_60d":-24.73997701,"percent_change_90d":-17.0611006,"market_cap":1436250373312.6716,"market_cap_dominance":58.3884,"fully_diluted_market_cap":1507833475115.07,"tvl":null,"last_updated":"2026-03-18T18:17:00.000Z"}}}
[BalanceManager] getBalances: botBalance=0
[BalanceManager] getBalances: botBalance=0
[BalanceManager] getBalances: botBalance=0
[BalanceManager] getBalances: botBalance=0
[BalanceManager] getBalances: botBalance=0
[ExchangeConnector] Interval triggered for BTC/USDT
[ExchangeConnector] Fetching price for BTC (symbol: BTC/USDT)
[BalanceManager] getBalances: botBalance=0
[ExchangeConnector] API response for BTC: {"id":1,"name":"Bitcoin","symbol":"BTC","slug":"bitcoin","num_market_pairs":12584,"date_added":"2010-07-13T00:00:00.000Z","tags":["mineable","pow","sha-256","store-of-value","state-channel","coinbase-ventures-portfolio","three-arrows-capital-portfolio","polychain-capital-portfolio","binance-labs-portfolio","blockchain-capital-portfolio","boostvc-portfolio","cms-holdings-portfolio","dcg-portfolio","dragonfly-capital-portfolio","electric-capital-portfolio","fabric-ventures-portfolio","framework-ventures-portfolio","galaxy-digital-portfolio","huobi-capital-portfolio","alameda-research-portfolio","a16z-portfolio","1confirmation-portfolio","winklevoss-capital-portfolio","usv-portfolio","placeholder-ventures-portfolio","pantera-capital-portfolio","multicoin-capital-portfolio","paradigm-portfolio","bitcoin-ecosystem","layer-1","ftx-bankruptcy-estate","2017-2018-alt-season","us-strategic-crypto-reserve","binance-ecosystem","binance-listing","sec-cftc-token-taxonomy","sec-cftc-digital-commodities"],"max_supply":21000000,"circulating_supply":20003043,"total_supply":20003043,"is_active":1,"infinite_supply":false,"minted_market_cap":1436250373312.67,"platform":null,"cmc_rank":1,"is_fiat":0,"self_reported_circulating_supply":null,"self_reported_market_cap":null,"tvl_ratio":null,"last_updated":"2026-03-18T18:17:00.000Z","quote":{"USD":{"price":71801.59405309841,"volume_24h":44020920507.817375,"cex_volume_24h":43964208789.82727,"dex_volume_24h":56711717.99010987,"volume_change_24h":-17.2113,"percent_change_1h":0.81712662,"percent_change_24h":-3.75825163,"percent_change_7d":1.57622045,"percent_change_30d":5.43941045,"percent_change_60d":-24.73997701,"percent_change_90d":-17.0611006,"market_cap":1436250373312.6716,"market_cap_dominance":58.3884,"fully_diluted_market_cap":1507833475115.07,"tvl":null,"last_updated":"2026-03-18T18:17:00.000Z"}}}
[BalanceManager] getBalances: botBalance=0
[BalanceManager] getBalances: botBalance=0
[BalanceManager] getBalances: botBalance=0
[BalanceManager] getBalances: botBalance=0
[ExchangeConnector] Interval triggered for BTC/USDT
[ExchangeConnector] Fetching price for BTC (symbol: BTC/USDT)
[BalanceManager] getBalances: botBalance=0
[BalanceManager] getBalances: botBalance=0
[BalanceManager] getBalances: botBalance=0
[ShadowTrader] Debug moderate: effectiveBalance=0, portfolio.balance=100000, botBalance=0, activeMode=moderate
Shadow Trader [moderate]: Halted - Max drawdown reached: 100.00% >= 15.00%. Effective Balance: 0, Initial: 100000
[BalanceManager] getBalances: botBalance=0
[BalanceManager] getBalances: botBalance=0
[BalanceManager] getBalances: botBalance=0
[BalanceManager] getBalances: botBalance=0
[ExchangeConnector] API response for BTC: {"id":1,"name":"Bitcoin","symbol":"BTC","slug":"bitcoin","num_market_pairs":12584,"date_added":"2010-07-13T00:00:00.000Z","tags":["mineable","pow","sha-256","store-of-value","state-channel","coinbase-ventures-portfolio","three-arrows-capital-portfolio","polychain-capital-portfolio","binance-labs-portfolio","blockchain-capital-portfolio","boostvc-portfolio","cms-holdings-portfolio","dcg-portfolio","dragonfly-capital-portfolio","electric-capital-portfolio","fabric-ventures-portfolio","framework-ventures-portfolio","galaxy-digital-portfolio","huobi-capital-portfolio","alameda-research-portfolio","a16z-portfolio","1confirmation-portfolio","winklevoss-capital-portfolio","usv-portfolio","placeholder-ventures-portfolio","pantera-capital-portfolio","multicoin-capital-portfolio","paradigm-portfolio","bitcoin-ecosystem","layer-1","ftx-bankruptcy-estate","2017-2018-alt-season","us-strategic-crypto-reserve","binance-ecosystem","binance-listing","sec-cftc-token-taxonomy","sec-cftc-digital-commodities"],"max_supply":21000000,"circulating_supply":20003043,"total_supply":20003043,"is_active":1,"infinite_supply":false,"minted_market_cap":1436250373312.67,"platform":null,"cmc_rank":1,"is_fiat":0,"self_reported_circulating_supply":null,"self_reported_market_cap":null,"tvl_ratio":null,"last_updated":"2026-03-18T18:17:00.000Z","quote":{"USD":{"price":71801.59405309841,"volume_24h":44020920507.817375,"cex_volume_24h":43964208789.82727,"dex_volume_24h":56711717.99010987,"volume_change_24h":-17.2113,"percent_change_1h":0.81712662,"percent_change_24h":-3.75825163,"percent_change_7d":1.57622045,"percent_change_30d":5.43941045,"percent_change_60d":-24.73997701,"percent_change_90d":-17.0611006,"market_cap":1436250373312.6716,"market_cap_dominance":58.3884,"fully_diluted_market_cap":1507833475115.07,"tvl":null,"last_updated":"2026-03-18T18:17:00.000Z"}}}
[BalanceManager] getBalances: botBalance=0
[BalanceManager] getBalances: botBalance=0
[BalanceManager] getBalances: botBalance=0
[BalanceManager] getBalances: botBalance=0
[ShadowTrader] Debug moderate: effectiveBalance=0, portfolio.balance=100000, botBalance=0, activeMode=moderate
Shadow Trader [moderate]: Halted - Max drawdown reached: 100.00% >= 15.00%. Effective Balance: 0, Initial: 100000
[BalanceManager] getBalances: botBalance=0
[BalanceManager] getBalances: botBalance=0
[BalanceManager] getBalances: botBalance=0
[BalanceManager] getBalances: botBalance=0
[BalanceManager] getBalances: botBalance=0
[BalanceManager] getBalances: botBalance=0
[ExchangeConnector] Interval triggered for BTC/USDT
[ExchangeConnector] Fetching price for BTC (symbol: BTC/USDT)
[ExchangeConnector] API response for BTC: {"id":1,"name":"Bitcoin","symbol":"BTC","slug":"bitcoin","num_market_pairs":12584,"date_added":"2010-07-13T00:00:00.000Z","tags":["mineable","pow","sha-256","store-of-value","state-channel","coinbase-ventures-portfolio","three-arrows-capital-portfolio","polychain-capital-portfolio","binance-labs-portfolio","blockchain-capital-portfolio","boostvc-portfolio","cms-holdings-portfolio","dcg-portfolio","dragonfly-capital-portfolio","electric-capital-portfolio","fabric-ventures-portfolio","framework-ventures-portfolio","galaxy-digital-portfolio","huobi-capital-portfolio","alameda-research-portfolio","a16z-portfolio","1confirmation-portfolio","winklevoss-capital-portfolio","usv-portfolio","placeholder-ventures-portfolio","pantera-capital-portfolio","multicoin-capital-portfolio","paradigm-portfolio","bitcoin-ecosystem","layer-1","ftx-bankruptcy-estate","2017-2018-alt-season","us-strategic-crypto-reserve","binance-ecosystem","binance-listing","sec-cftc-token-taxonomy","sec-cftc-digital-commodities"],"max_supply":21000000,"circulating_supply":20003043,"total_supply":20003043,"is_active":1,"infinite_supply":false,"minted_market_cap":1436250373312.67,"platform":null,"cmc_rank":1,"is_fiat":0,"self_reported_circulating_supply":null,"self_reported_market_cap":null,"tvl_ratio":null,"last_updated":"2026-03-18T18:17:00.000Z","quote":{"USD":{"price":71801.59405309841,"volume_24h":44020920507.817375,"cex_volume_24h":43964208789.82727,"dex_volume_24h":56711717.99010987,"volume_change_24h":-17.2113,"percent_change_1h":0.81712662,"percent_change_24h":-3.75825163,"percent_change_7d":1.57622045,"percent_change_30d":5.43941045,"percent_change_60d":-24.73997701,"percent_change_90d":-17.0611006,"market_cap":1436250373312.6716,"market_cap_dominance":58.3884,"fully_diluted_market_cap":1507833475115.07,"tvl":null,"last_updated":"2026-03-18T18:17:00.000Z"}}}
[BalanceManager] getBalances: botBalance=0
[BalanceManager] getBalances: botBalance=0
[BalanceManager] getBalances: botBalance=0
[BalanceManager] getBalances: botBalance=0
[BalanceManager] getBalances: botBalance=0
[ExchangeConnector] Interval triggered for BTC/USDT
[ExchangeConnector] Fetching price for BTC (symbol: BTC/USDT)
[ExchangeConnector] API response for BTC: {"id":1,"name":"Bitcoin","symbol":"BTC","slug":"bitcoin","num_market_pairs":12584,"date_added":"2010-07-13T00:00:00.000Z","tags":["mineable","pow","sha-256","store-of-value","state-channel","coinbase-ventures-portfolio","three-arrows-capital-portfolio","polychain-capital-portfolio","binance-labs-portfolio","blockchain-capital-portfolio","boostvc-portfolio","cms-holdings-portfolio","dcg-portfolio","dragonfly-capital-portfolio","electric-capital-portfolio","fabric-ventures-portfolio","framework-ventures-portfolio","galaxy-digital-portfolio","huobi-capital-portfolio","alameda-research-portfolio","a16z-portfolio","1confirmation-portfolio","winklevoss-capital-portfolio","usv-portfolio","placeholder-ventures-portfolio","pantera-capital-portfolio","multicoin-capital-portfolio","paradigm-portfolio","bitcoin-ecosystem","layer-1","ftx-bankruptcy-estate","2017-2018-alt-season","us-strategic-crypto-reserve","binance-ecosystem","binance-listing","sec-cftc-token-taxonomy","sec-cftc-digital-commodities"],"max_supply":21000000,"circulating_supply":20003043,"total_supply":20003043,"is_active":1,"infinite_supply":false,"minted_market_cap":1436250373312.67,"platform":null,"cmc_rank":1,"is_fiat":0,"self_reported_circulating_supply":null,"self_reported_market_cap":null,"tvl_ratio":null,"last_updated":"2026-03-18T18:17:00.000Z","quote":{"USD":{"price":71801.59405309841,"volume_24h":44020920507.817375,"cex_volume_24h":43964208789.82727,"dex_volume_24h":56711717.99010987,"volume_change_24h":-17.2113,"percent_change_1h":0.81712662,"percent_change_24h":-3.75825163,"percent_change_7d":1.57622045,"percent_change_30d":5.43941045,"percent_change_60d":-24.73997701,"percent_change_90d":-17.0611006,"market_cap":1436250373312.6716,"market_cap_dominance":58.3884,"fully_diluted_market_cap":1507833475115.07,"tvl":null,"last_updated":"2026-03-18T18:17:00.000Z"}}}
[BalanceManager] getBalances: botBalance=0
[BalanceManager] getBalances: botBalance=0
[BalanceManager] getBalances: botBalance=0
[BalanceManager] getBalances: botBalance=0
[BalanceManager] getBalances: botBalance=0
[ExchangeConnector] Interval triggered for BTC/USDT
[ExchangeConnector] Fetching price for BTC (symbol: BTC/USDT)
[ExchangeConnector] API response for BTC: {"id":1,"name":"Bitcoin","symbol":"BTC","slug":"bitcoin","num_market_pairs":12584,"date_added":"2010-07-13T00:00:00.000Z","tags":["mineable","pow","sha-256","store-of-value","state-channel","coinbase-ventures-portfolio","three-arrows-capital-portfolio","polychain-capital-portfolio","binance-labs-portfolio","blockchain-capital-portfolio","boostvc-portfolio","cms-holdings-portfolio","dcg-portfolio","dragonfly-capital-portfolio","electric-capital-portfolio","fabric-ventures-portfolio","framework-ventures-portfolio","galaxy-digital-portfolio","huobi-capital-portfolio","alameda-research-portfolio","a16z-portfolio","1confirmation-portfolio","winklevoss-capital-portfolio","usv-portfolio","placeholder-ventures-portfolio","pantera-capital-portfolio","multicoin-capital-portfolio","paradigm-portfolio","bitcoin-ecosystem","layer-1","ftx-bankruptcy-estate","2017-2018-alt-season","us-strategic-crypto-reserve","binance-ecosystem","binance-listing","sec-cftc-token-taxonomy","sec-cftc-digital-commodities"],"max_supply":21000000,"circulating_supply":20003043,"total_supply":20003043,"is_active":1,"infinite_supply":false,"minted_market_cap":1436250373312.67,"platform":null,"cmc_rank":1,"is_fiat":0,"self_reported_circulating_supply":null,"self_reported_market_cap":null,"tvl_ratio":null,"last_updated":"2026-03-18T18:17:00.000Z","quote":{"USD":{"price":71801.59405309841,"volume_24h":44020920507.817375,"cex_volume_24h":43964208789.82727,"dex_volume_24h":56711717.99010987,"volume_change_24h":-17.2113,"percent_change_1h":0.81712662,"percent_change_24h":-3.75825163,"percent_change_7d":1.57622045,"percent_change_30d":5.43941045,"percent_change_60d":-24.73997701,"percent_change_90d":-17.0611006,"market_cap":1436250373312.6716,"market_cap_dominance":58.3884,"fully_diluted_market_cap":1507833475115.07,"tvl":null,"last_updated":"2026-03-18T18:17:00.000Z"}}}
[BalanceManager] getBalances: botBalance=0
[BalanceManager] getBalances: botBalance=0
[BalanceManager] getBalances: botBalance=0
[BalanceManager] getBalances: botBalance=0
[BalanceManager] getBalances: botBalance=0
[ExchangeConnector] Interval triggered for BTC/USDT
[ExchangeConnector] Fetching price for BTC (symbol: BTC/USDT)
[ExchangeConnector] API response for BTC: {"id":1,"name":"Bitcoin","symbol":"BTC","slug":"bitcoin","num_market_pairs":12584,"date_added":"2010-07-13T00:00:00.000Z","tags":["mineable","pow","sha-256","store-of-value","state-channel","coinbase-ventures-portfolio","three-arrows-capital-portfolio","polychain-capital-portfolio","binance-labs-portfolio","blockchain-capital-portfolio","boostvc-portfolio","cms-holdings-portfolio","dcg-portfolio","dragonfly-capital-portfolio","electric-capital-portfolio","fabric-ventures-portfolio","framework-ventures-portfolio","galaxy-digital-portfolio","huobi-capital-portfolio","alameda-research-portfolio","a16z-portfolio","1confirmation-portfolio","winklevoss-capital-portfolio","usv-portfolio","placeholder-ventures-portfolio","pantera-capital-portfolio","multicoin-capital-portfolio","paradigm-portfolio","bitcoin-ecosystem","layer-1","ftx-bankruptcy-estate","2017-2018-alt-season","us-strategic-crypto-reserve","binance-ecosystem","binance-listing","sec-cftc-token-taxonomy","sec-cftc-digital-commodities"],"max_supply":21000000,"circulating_supply":20003043,"total_supply":20003043,"is_active":1,"infinite_supply":false,"minted_market_cap":1436080904339.79,"platform":null,"cmc_rank":1,"is_fiat":0,"self_reported_circulating_supply":null,"self_reported_market_cap":null,"tvl_ratio":null,"last_updated":"2026-03-18T18:18:00.000Z","quote":{"USD":{"price":71793.12189349337,"volume_24h":44029933856.10894,"cex_volume_24h":43973221588.264015,"dex_volume_24h":56712267.84492581,"volume_change_24h":-17.21,"percent_change_1h":0.74366314,"percent_change_24h":-3.76244059,"percent_change_7d":1.49728266,"percent_change_30d":5.39125167,"percent_change_60d":-24.74792055,"percent_change_90d":-16.97582677,"market_cap":1436080904339.7893,"market_cap_dominance":58.4401,"fully_diluted_market_cap":1507655559763.36,"tvl":null,"last_updated":"2026-03-18T18:18:00.000Z"}}}
[BalanceManager] getBalances: botBalance=0
[BalanceManager] getBalances: botBalance=0
[BalanceManager] getBalances: botBalance=0
[BalanceManager] getBalances: botBalance=0
[ShadowTrader] Debug moderate: effectiveBalance=0, portfolio.balance=100000, botBalance=0, activeMode=moderate
Shadow Trader [moderate]: Halted - Max drawdown reached: 100.00% >= 15.00%. Effective Balance: 0, Initial: 100000
[BalanceManager] getBalances: botBalance=0
[BalanceManager] getBalances: botBalance=0
[BalanceManager] getBalances: botBalance=0
[BalanceManager] getBalances: botBalance=0
[BalanceManager] getBalances: botBalance=0
[BalanceManager] getBalances: botBalance=0
[ExchangeConnector] Interval triggered for BTC/USDT
[ExchangeConnector] Fetching price for BTC (symbol: BTC/USDT)
[BalanceManager] getBalances: botBalance=0
[ExchangeConnector] API response for BTC: {"id":1,"name":"Bitcoin","symbol":"BTC","slug":"bitcoin","num_market_pairs":12584,"date_added":"2010-07-13T00:00:00.000Z","tags":["mineable","pow","sha-256","store-of-value","state-channel","coinbase-ventures-portfolio","three-arrows-capital-portfolio","polychain-capital-portfolio","binance-labs-portfolio","blockchain-capital-portfolio","boostvc-portfolio","cms-holdings-portfolio","dcg-portfolio","dragonfly-capital-portfolio","electric-capital-portfolio","fabric-ventures-portfolio","framework-ventures-portfolio","galaxy-digital-portfolio","huobi-capital-portfolio","alameda-research-portfolio","a16z-portfolio","1confirmation-portfolio","winklevoss-capital-portfolio","usv-portfolio","placeholder-ventures-portfolio","pantera-capital-portfolio","multicoin-capital-portfolio","paradigm-portfolio","bitcoin-ecosystem","layer-1","ftx-bankruptcy-estate","2017-2018-alt-season","us-strategic-crypto-reserve","binance-ecosystem","binance-listing","sec-cftc-token-taxonomy","sec-cftc-digital-commodities"],"max_supply":21000000,"circulating_supply":20003043,"total_supply":20003043,"is_active":1,"infinite_supply":false,"minted_market_cap":1436080904339.79,"platform":null,"cmc_rank":1,"is_fiat":0,"self_reported_circulating_supply":null,"self_reported_market_cap":null,"tvl_ratio":null,"last_updated":"2026-03-18T18:18:00.000Z","quote":{"USD":{"price":71793.12189349337,"volume_24h":44029933856.10894,"cex_volume_24h":43973221588.264015,"dex_volume_24h":56712267.84492581,"volume_change_24h":-17.21,"percent_change_1h":0.74366314,"percent_change_24h":-3.76244059,"percent_change_7d":1.49728266,"percent_change_30d":5.39125167,"percent_change_60d":-24.74792055,"percent_change_90d":-16.97582677,"market_cap":1436080904339.7893,"market_cap_dominance":58.4401,"fully_diluted_market_cap":1507655559763.36,"tvl":null,"last_updated":"2026-03-18T18:18:00.000Z"}}}
[BalanceManager] getBalances: botBalance=0
[BalanceManager] getBalances: botBalance=0
[BalanceManager] getBalances: botBalance=0
[BalanceManager] getBalances: botBalance=0
[ExchangeConnector] Interval triggered for BTC/USDT
[ExchangeConnector] Fetching price for BTC (symbol: BTC/USDT)
[BalanceManager] getBalances: botBalance=0
[BalanceManager] getBalances: botBalance=0
[BalanceManager] getBalances: botBalance=0
[ShadowTrader] Debug moderate: effectiveBalance=0, portfolio.balance=100000, botBalance=0, activeMode=moderate
Shadow Trader [moderate]: Halted - Max drawdown reached: 100.00% >= 15.00%. Effective Balance: 0, Initial: 100000
[BalanceManager] getBalances: botBalance=0
[BalanceManager] getBalances: botBalance=0
[BalanceManager] getBalances: botBalance=0
[BalanceManager] getBalances: botBalance=0
[ExchangeConnector] API response for BTC: {"id":1,"name":"Bitcoin","symbol":"BTC","slug":"bitcoin","num_market_pairs":12584,"date_added":"2010-07-13T00:00:00.000Z","tags":["mineable","pow","sha-256","store-of-value","state-channel","coinbase-ventures-portfolio","three-arrows-capital-portfolio","polychain-capital-portfolio","binance-labs-portfolio","blockchain-capital-portfolio","boostvc-portfolio","cms-holdings-portfolio","dcg-portfolio","dragonfly-capital-portfolio","electric-capital-portfolio","fabric-ventures-portfolio","framework-ventures-portfolio","galaxy-digital-portfolio","huobi-capital-portfolio","alameda-research-portfolio","a16z-portfolio","1confirmation-portfolio","winklevoss-capital-portfolio","usv-portfolio","placeholder-ventures-portfolio","pantera-capital-portfolio","multicoin-capital-portfolio","paradigm-portfolio","bitcoin-ecosystem","layer-1","ftx-bankruptcy-estate","2017-2018-alt-season","us-strategic-crypto-reserve","binance-ecosystem","binance-listing","sec-cftc-token-taxonomy","sec-cftc-digital-commodities"],"max_supply":21000000,"circulating_supply":20003043,"total_supply":20003043,"is_active":1,"infinite_supply":false,"minted_market_cap":1436080904339.79,"platform":null,"cmc_rank":1,"is_fiat":0,"self_reported_circulating_supply":null,"self_reported_market_cap":null,"tvl_ratio":null,"last_updated":"2026-03-18T18:18:00.000Z","quote":{"USD":{"price":71793.12189349337,"volume_24h":44029933856.10894,"cex_volume_24h":43973221588.264015,"dex_volume_24h":56712267.84492581,"volume_change_24h":-17.21,"percent_change_1h":0.74366314,"percent_change_24h":-3.76244059,"percent_change_7d":1.49728266,"percent_change_30d":5.39125167,"percent_change_60d":-24.74792055,"percent_change_90d":-16.97582677,"market_cap":1436080904339.7893,"market_cap_dominance":58.4401,"fully_diluted_market_cap":1507655559763.36,"tvl":null,"last_updated":"2026-03-18T18:18:00.000Z"}}}
[BalanceManager] getBalances: botBalance=0
[BalanceManager] getBalances: botBalance=0
[BalanceManager] getBalances: botBalance=0
[BalanceManager] getBalances: botBalance=0
